
> AXIS@0.0.0 build
> tsc -b && vite build

rolldown-vite v7.2.5 building client environment for production...
[2Ktransforming...✓ 1768 modules transformed.
rendering chunks...
computing gzip size...
dist/index.html                     0.45 kB │ gzip:   0.29 kB
dist/assets/index-Bmy3pOdG.css     15.54 kB │ gzip:   6.57 kB
dist/assets/index-MQlFPf16.js   1,482.74 kB │ gzip: 445.61 kB
[plugin builtin:reporter]
(!) Some chunks are larger than 500 kB after minification. Consider:
- Using dynamic import() to code-split the application
- Use build.rollupOptions.output.manualChunks to improve chunking: https://rollupjs.org/configuration-options/#output-manualchunks
- Adjust chunk size limit for this warning via build.chunkSizeWarningLimit.
✓ built in 1.86s
