
> logistics-api@0.0.1 test
> jest scheduling.service.spec.ts

PASS src/scheduling/scheduling.service.spec.ts
  SchedulingService
    ✓ should be defined (18 ms)
    checkVehicleAvailability
      ✓ should throw BadRequestException if overlapping shipment found (14 ms)
      ✓ should return true if no overlapping shipment found (5 ms)

Test Suites: 1 passed, 1 total
Tests:       3 passed, 3 total
Snapshots:   0 total
Time:        1.265 s, estimated 2 s
Ran all test suites matching scheduling.service.spec.ts.
